// Jest Snapshot v1, https://goo.gl/fbAQLP

exports[`Icon tests should render an icon 1`] = `
<div>
  <i
    class="icon mdi mdi-check"
    data-testid="icon"
  />
</div>
`;
